// Jest Snapshot v1, https://goo.gl/fbAQLP

exports[`DropDownMenu snapshot 1`] = `
<DocumentFragment>
  <button
    class="drop-down-menu-button"
    type="button"
  >
    <img
      alt="hamburger menu"
      src="menu.png"
    />
  </button>
</DocumentFragment>
`;
